2026-03-11 09:22:24 | INFO | __main__ | selected_years: [2024, 2025]
2026-03-11 09:22:24 | INFO | __main__ | NumPy RNG seeded with 42
2026-03-11 09:22:24 | INFO | __main__ | Terrain Change Detection Workflow
2026-03-11 09:22:24 | INFO | __main__ | =================================
2026-03-11 09:22:24 | INFO | __main__ | GPU Acceleration: DISABLED (CPU only)
2026-03-11 09:22:25 | INFO | __main__ | Filtered time periods for area 'Jeksla': ['2024-12-03', '2025-11-14']
2026-03-11 09:22:25 | INFO | __main__ | === STEP 1: Data Preparation ===
2026-03-11 09:22:25 | INFO | __main__ | Selected area: Jeksla
2026-03-11 09:22:25 | INFO | __main__ | Time period 1: 2024-12-03 (2 files)
2026-03-11 09:22:25 | INFO | __main__ | Time period 2: 2025-11-14 (1 files)
2026-03-11 09:22:25 | INFO | __main__ | Local coordinate transform: offset=(618031.38, 6656434.98, 0.00) using min_bounds origin
2026-03-11 09:22:25 | INFO | __main__ | --- Step 1: Loading point cloud data (in-memory) ---
2026-03-11 09:22:25 | INFO | __main__ | Batch loading 2 files for time period 2024-12-03...
2026-03-11 09:22:26 | INFO | __main__ | Loading single file for time period 2025-11-14...
2026-03-11 09:22:27 | INFO | __main__ | Dataset 1 (2024-12-03): 2722252 points
2026-03-11 09:22:27 | INFO | __main__ | Dataset 2 (2025-11-14): 1925427 points
2026-03-11 09:22:27 | INFO | __main__ | === STEP 2: Spatial Alignment ===
2026-03-11 09:22:27 | INFO | terrain_change_detection.alignment.coarse_registration | Computing coarse registration (phase)...
2026-03-11 09:22:27 | INFO | terrain_change_detection.alignment.coarse_registration | Coarse registration completed: translation magnitude = 0.000 m
2026-03-11 09:22:32 | INFO | __main__ | Alignment validation (pre-ICP): RMSE=0.324145 m
2026-03-11 09:22:32 | INFO | __main__ | Overlap filter: T1 2720144/2722252, T2 1869479/1925427 points in overlap region
2026-03-11 09:22:32 | INFO | __main__ | ICP direction: aligning T2 (2025-11-14) to T1 (2024-12-03) reference
2026-03-11 09:22:32 | INFO | terrain_change_detection.alignment.fine_registration | Starting ICP alignment with 50000 source points and 50000 target points.
2026-03-11 09:22:36 | INFO | terrain_change_detection.alignment.fine_registration | ICP converged after 67 iterations (MSE change < 1.000e-06).
2026-03-11 09:22:37 | INFO | terrain_change_detection.alignment.fine_registration | ICP finished in 4.6922 s (67 iterations, mean iter 0.0700 s). Final RMSE on 50000 alignment points: 1.015225
2026-03-11 09:22:37 | INFO | __main__ | Alignment validation (post-ICP): RMSE=1.014352 m
2026-03-11 09:22:37 | INFO | __main__ | Spatial alignment completed in 10.32 seconds
2026-03-11 09:22:37 | INFO | __main__ | === STEP 3: Change Detection ===
2026-03-11 09:22:37 | INFO | __main__ | Computing DEM of Difference (DoD)...
2026-03-11 09:22:37 | INFO | __main__ | Using in-memory DoD...
2026-03-11 09:22:37 | INFO | terrain_change_detection.detection.dod | DoD (in-memory) using CPU-only backend (aggregator: mean, GPU not supported for in-memory DoD)
2026-03-11 09:22:44 | INFO | terrain_change_detection.detection.dod | DoD completed: n_cells=382175, mean=-0.0023 m, median=-0.0033 m, rmse=0.0844 m, range=[-1.7032, 2.6268] m
2026-03-11 09:22:45 | INFO | terrain_change_detection.utils.export | Exported DoD raster (711x2424) to data/output/dod_Jeksla_2024-12-03_2025-11-14.tif
2026-03-11 09:22:45 | INFO | __main__ | Exported DoD raster: data/output/dod_Jeksla_2024-12-03_2025-11-14.tif
2026-03-11 09:22:45 | INFO | __main__ | Skipping C2C (disabled in config).
2026-03-11 09:22:45 | INFO | __main__ | Computing M3C2 distances...
2026-03-11 09:22:45 | INFO | __main__ | M3C2 core points: 272,225 (10.0% of 2,722,252 reference ground points)
2026-03-11 09:22:45 | INFO | terrain_change_detection.detection.m3c2 | M3C2 autotuned (header-based): radius=0.90 m, max_depth=0.54 m, normal_scale=0.90 m
2026-03-11 09:22:45 | INFO | __main__ | Using in-memory M3C2...
2026-03-11 09:22:48 | INFO | terrain_change_detection.detection.m3c2 | M3C2 completed: n=272225 (valid=252869), mean=-0.0064 m, median=-0.0063 m, std=0.0600 m
2026-03-11 09:22:48 | INFO | terrain_change_detection.utils.export | Reverting 272,225 points from local to global coordinates for export
2026-03-11 09:22:48 | INFO | terrain_change_detection.utils.export | Exported 272,225 points to data/output/Jeksla/m3c2_Jeksla_2024-12-03_2025-11-14.laz
2026-03-11 09:22:48 | INFO | __main__ | Exported M3C2 point cloud: data/output/Jeksla/m3c2_Jeksla_2024-12-03_2025-11-14.laz
2026-03-11 09:22:48 | INFO | terrain_change_detection.utils.export | Reverting 272,225 points from local to global coordinates for raster export
2026-03-11 09:22:49 | INFO | terrain_change_detection.utils.export | Exported distance raster (540x2413, 659,056 cells with data) to data/output/Jeksla/m3c2_Jeksla_2024-12-03_2025-11-14.tif
2026-03-11 09:22:49 | INFO | __main__ | Exported M3C2 raster: data/output/Jeksla/m3c2_Jeksla_2024-12-03_2025-11-14.tif
2026-03-11 09:22:49 | INFO | __main__ | Total workflow runtime: 24.56 seconds
